// Jest Snapshot v1, https://goo.gl/fbAQLP

exports[`my dashboard page component should render correctly 1`] = `
<div>
  <Connect(TransactionsSummary) />
  <Connect(TransactionListFilters) />
  <Connect(TransactionList) />
</div>
`;
