// Jest Snapshot v1, https://goo.gl/fbAQLP

exports[`my AppRouter should render correctly 1`] = `
<Router
  history={
    Object {
      "action": "POP",
      "block": [Function],
      "createHref": [Function],
      "go": [Function],
      "goBack": [Function],
      "goForward": [Function],
      "length": 1,
      "listen": [Function],
      "location": Object {
        "hash": "",
        "pathname": "blank",
        "search": "",
        "state": undefined,
      },
      "push": [Function],
      "replace": [Function],
    }
  }
>
  <Switch>
    <Connect(PublicRoute)
      component={[Function]}
      exact={true}
      path="/"
    />
    <Connect(PublicRoute)
      component={[Function]}
      path="/login"
    />
    <Connect(PrivateRoute)
      component={[Function]}
      path="/dashboard"
    />
    <Connect(PrivateRoute)
      component={[Function]}
      path="/add"
    />
    <Connect(PrivateRoute)
      component={[Function]}
      path="/edit/:id"
    />
    <Route
      component={[Function]}
    />
  </Switch>
</Router>
`;
